#-----------------------------------------------------------
# Vivado v2020.2 (64-bit)
# SW Build 3064766 on Wed Nov 18 09:12:45 MST 2020
# IP Build 3064653 on Wed Nov 18 14:17:31 MST 2020
# Start of session at: Sat Jul  2 13:45:13 2022
# Process ID: 32
# Current directory: D:/Rohit BITS Data/3_Third Year/Second Sem/Comp Arch/Assignment/Assignment 2/mips_task3/Xilinx
# Command line: vivado.exe -gui_launcher_event rodinguilauncherevent14428 D:\Rohit BITS Data\3_Third Year\Second Sem\Comp Arch\Assignment\Assignment 2\mips_task3\Xilinx\mips.xpr
# Log file: D:/Rohit BITS Data/3_Third Year/Second Sem/Comp Arch/Assignment/Assignment 2/mips_task3/Xilinx/vivado.log
# Journal file: D:/Rohit BITS Data/3_Third Year/Second Sem/Comp Arch/Assignment/Assignment 2/mips_task3/Xilinx\vivado.jou
#-----------------------------------------------------------
start_gui
open_project {D:/Rohit BITS Data/3_Third Year/Second Sem/Comp Arch/Assignment/Assignment 2/mips_task3/Xilinx/mips.xpr}
open_bd_design {D:/Rohit BITS Data/3_Third Year/Second Sem/Comp Arch/Assignment/Assignment 2/mips_task3/Xilinx/mips.srcs/sources_1/bd/mips/mips.bd}
update_compile_order -fileset sources_1
write_bd_layout -format pdf -orientation landscape C:/Users/rohit/Desktop/mips.pdf
